// Jest Snapshot v1, https://goo.gl/fbAQLP

exports[`Button Group renders correctly 1`] = `
<_default>
  <div
    className="demo-button-group-base"
  >
    <div>
      <ButtonGroup>
        <div
          className="ten-button-group"
        >
          <Button
            autoWidth={false}
            block={false}
            disabled={false}
            loading={false}
            round={false}
            size="default"
            theme="default"
          >
            <button
              className="ten-button ten-button--size-default ten-button--type-default"
              disabled={false}
              onClick={[Function]}
              type="button"
            >
              <span>
                按钮1
              </span>
            </button>
          </Button>
          <Button
            autoWidth={false}
            block={false}
            disabled={false}
            loading={false}
            round={false}
            size="default"
            theme="default"
          >
            <button
              className="ten-button ten-button--size-default ten-button--type-default"
              disabled={false}
              onClick={[Function]}
              type="button"
            >
              <span>
                按钮2
              </span>
            </button>
          </Button>
          <Button
            autoWidth={false}
            block={false}
            disabled={false}
            loading={false}
            round={false}
            size="default"
            theme="default"
          >
            <button
              className="ten-button ten-button--size-default ten-button--type-default"
              disabled={false}
              onClick={[Function]}
              type="button"
            >
              <span>
                按钮3
              </span>
            </button>
          </Button>
        </div>
      </ButtonGroup>
      <ButtonGroup>
        <div
          className="ten-button-group"
        >
          <Button
            autoWidth={false}
            block={false}
            disabled={false}
            loading={false}
            round={false}
            size="default"
            theme="primary"
          >
            <button
              className="ten-button ten-button--size-default ten-button--type-primary"
              disabled={false}
              onClick={[Function]}
              type="button"
            >
              <span>
                按钮1
              </span>
            </button>
          </Button>
          <Button
            autoWidth={false}
            block={false}
            disabled={false}
            loading={false}
            round={false}
            size="default"
            theme="default"
          >
            <button
              className="ten-button ten-button--size-default ten-button--type-default"
              disabled={false}
              onClick={[Function]}
              type="button"
            >
              <span>
                按钮2
              </span>
            </button>
          </Button>
          <Button
            autoWidth={false}
            block={false}
            disabled={false}
            loading={false}
            round={false}
            size="default"
            theme="default"
          >
            <button
              className="ten-button ten-button--size-default ten-button--type-default"
              disabled={false}
              onClick={[Function]}
              type="button"
            >
              <span>
                按钮3
              </span>
            </button>
          </Button>
        </div>
      </ButtonGroup>
    </div>
    <div>
      <ButtonGroup
        size="large"
      >
        <div
          className="ten-button-group"
        >
          <Button
            autoWidth={false}
            block={false}
            disabled={false}
            loading={false}
            round={false}
            size="default"
            theme="primary"
          >
            <button
              className="ten-button ten-button--size-large ten-button--type-primary"
              disabled={false}
              onClick={[Function]}
              type="button"
            >
              <span>
                按钮1
              </span>
            </button>
          </Button>
          <Button
            autoWidth={false}
            block={false}
            disabled={false}
            loading={false}
            round={false}
            size="default"
            theme="default"
          >
            <button
              className="ten-button ten-button--size-large ten-button--type-default"
              disabled={false}
              onClick={[Function]}
              type="button"
            >
              <span>
                按钮2
              </span>
            </button>
          </Button>
          <Button
            autoWidth={false}
            block={false}
            disabled={false}
            loading={false}
            round={false}
            size="default"
            theme="default"
          >
            <button
              className="ten-button ten-button--size-large ten-button--type-default"
              disabled={false}
              onClick={[Function]}
              type="button"
            >
              <span>
                按钮3
              </span>
            </button>
          </Button>
        </div>
      </ButtonGroup>
      <ButtonGroup
        disabled={true}
      >
        <div
          className="ten-button-group"
        >
          <Button
            autoWidth={false}
            block={false}
            disabled={false}
            loading={false}
            round={false}
            size="default"
            theme="primary"
          >
            <button
              className="ten-button ten-button--disabled ten-button--size-default ten-button--type-primary"
              disabled={false}
              onClick={[Function]}
              type="button"
            >
              <span>
                按钮1
              </span>
            </button>
          </Button>
          <Button
            autoWidth={false}
            block={false}
            disabled={false}
            loading={false}
            round={false}
            size="default"
            theme="default"
          >
            <button
              className="ten-button ten-button--disabled ten-button--size-default ten-button--type-default"
              disabled={false}
              onClick={[Function]}
              type="button"
            >
              <span>
                按钮2
              </span>
            </button>
          </Button>
          <Button
            autoWidth={false}
            block={false}
            disabled={false}
            loading={false}
            round={false}
            size="default"
            theme="default"
          >
            <button
              className="ten-button ten-button--disabled ten-button--size-default ten-button--type-default"
              disabled={false}
              onClick={[Function]}
              type="button"
            >
              <span>
                按钮3
              </span>
            </button>
          </Button>
        </div>
      </ButtonGroup>
    </div>
    <div>
      <ButtonGroup
        block={true}
        style={
          Object {
            "width": 400,
          }
        }
      >
        <div
          className="ten-button-group"
          style={
            Object {
              "width": 400,
            }
          }
        >
          <Button
            autoWidth={false}
            block={false}
            disabled={false}
            loading={false}
            round={false}
            size="default"
            theme="primary"
          >
            <button
              className="ten-button ten-button--block ten-button--size-default ten-button--type-primary"
              disabled={false}
              onClick={[Function]}
              type="button"
            >
              <span>
                按钮1
              </span>
            </button>
          </Button>
          <Button
            autoWidth={false}
            block={false}
            disabled={false}
            loading={false}
            round={false}
            size="default"
            theme="default"
          >
            <button
              className="ten-button ten-button--block ten-button--size-default ten-button--type-default"
              disabled={false}
              onClick={[Function]}
              type="button"
            >
              <span>
                按钮2
              </span>
            </button>
          </Button>
          <Button
            autoWidth={false}
            block={false}
            disabled={false}
            loading={false}
            round={false}
            size="default"
            theme="default"
          >
            <button
              className="ten-button ten-button--block ten-button--size-default ten-button--type-default"
              disabled={false}
              onClick={[Function]}
              type="button"
            >
              <span>
                按钮3
              </span>
            </button>
          </Button>
        </div>
      </ButtonGroup>
    </div>
  </div>
</_default>
`;
